// Jest Snapshot v1, https://goo.gl/fbAQLP

exports[`<SignInCard /> organism component should render 1`] = `
<DocumentFragment>
  <div
    class="MuiPaper-root MuiPaper-outlined MuiPaper-rounded css-z0fmtq-MuiPaper-root"
  >
    <h4
      class="MuiTypography-root MuiTypography-h4 MuiTypography-gutterBottom css-1vw6mcs-MuiTypography-root"
    >
      My Myoozik List
    </h4>
    <button
      class="MuiButton-root MuiButton-contained MuiButton-containedPrimary MuiButton-sizeMedium MuiButton-containedSizeMedium MuiButton-fullWidth MuiButtonBase-root  css-1hny3at-MuiButtonBase-root-MuiButton-root"
      tabindex="0"
      type="button"
    >
      Sign In
      <span
        class="MuiTouchRipple-root css-8je8zh-MuiTouchRipple-root"
      />
    </button>
  </div>
</DocumentFragment>
`;
